# T,970[cdl].+,970c00
970c
970d
970l
# A,970e.+,970c00
970e
# not the same mold - long legs
970f

# T,973[c-h].+,973c00
973c
973d
973e
973f
973g
973h
# not the same mold - long arms
973b
# single body part without arms
973p
