# Every part_num below is a valid print if not stated otherwise. Basing on valid
# prints this rel is sufficient (reminder: case-sensitive): P,(.+)pr\d+[a-z]*,$1

35499pr0032a
4555c02pr0001a

# not a print
649pr0001HO

# not a print
649pr0002HO

75115pr0006a
75115pr0014a
75115pr0024a
75121pr0001a
75121pr0002a
75121pr0005a
93088pr0002kc
dupupn0013c02pr0001a
